0000018e A num_got_entries
bf000000 T _start
bf000400 t reset
bf0004e0 t rel_start
bf000528 T relocate_code
bf000584 t in_ram
bf0005e4 T ar7240_ddr_tap_init
bf000604 t ddr_pat_init
bf003640 t load_tap
bf003658 t pat_read
bf003670 t tap_addr_loop
bf0036f8 t tap_decr
bf00370c t tap_incr
bf003734 t tap_fail
bf003774 t up_limit
bf0037a8 t tap_calc
bf00382c t end
bf00383c t romReserved
bf003840 t romExcHandle
bf003850 T autoscript
bf003a50 T do_autoscript
bf003ad0 t print_num
bf003af8 T do_bdinfo
bf003c60 T do_go
bf003db0 T do_bootd
bf003e00 T print_image_hdr
bf004218 t do_imls
bf004398 t image_info
bf0044f8 T do_iminfo
bf0045c0 t zalloc
bf0045e4 t zfree
bf0045fc T gunzip
bf0047cc T do_bootm
bf005020 T do_coninfo
bf005160 T valid_elf_image
bf0051dc T load_elf_image
bf00534c T do_bootvx
bf0055dc T do_bootelf
bf005700 t abbrev_spec
bf0058dc t addr_spec
bf005a88 t flash_fill_sect_ranges
bf005c28 T do_flinfo
bf005d2c T flash_sect_erase
bf005e58 T do_flerase
bf0060a4 T flash_sect_protect
bf006220 T do_protect
bf006600 t evalexp
bf006680 t evalstr
bf0066bc T binary_test
bf006944 T do_itest
bf006a40 T do_load_serial
bf006e3c T send_pad
bf006e94 T ktrans
bf006ed0 T chk1
bf006f08 T s1_sendpacket
bf006f68 T send_ack
bf006ff4 T send_nack
bf007080 t bin_data_init
bf0070b0 t bin_data_char
bf0070fc T k_data_init
bf00711c T k_data_save
bf00716c T k_data_restore
bf0071bc T k_data_char
bf007260 T handle_send_packet
bf0074c0 t getcxmodem
bf00750c T do_load_serial_bin
bf007d30 T cmd_get_data_size
bf007de8 T do_mem_md
bf0080b8 T do_mem_mw
bf00820c T do_mem_cmp
bf00841c T do_mem_cp
bf0085f4 T do_mem_base
bf008660 T do_mem_loop
bf0087e8 T do_mem_mtest
bf0089ac t mod_mem
bf008bb4 T do_mem_nm
bf008bfc T do_mem_mm
bf008c44 T do_mem_crc
bf008d80 T MII_dump_0_to_5
bf0090fc t extract_range
bf009190 T do_mii
bf0097c8 T do_mac
bf009910 T do_sleep
bf009a10 t netboot_common
bf009dc4 T do_nfs
bf009de4 T do_rarpb
bf009e04 T do_tftpb
bf009e24 T do_bootp
bf009e44 T do_ping
bf009f30 t envmatch
bf009fd4 T do_printenv
bf00a244 T _do_setenv
bf00a9a4 T setenv
bf00a9f8 T do_setenv
bf00aa6c T getenv
bf00ab48 T getenv_r
bf00ac6c T do_saveenv
bf00acc0 t pci_classes_str
bf00ae88 T pci_header_show_brief
bf00af50 T pci_header_show
bf00bd28 T pciinfo
bf00bec0 t pci_cfg_write
bf00bf30 t pci_cfg_modify
bf00c0dc T do_pci
bf00c620 T do_version
bf00c660 T do_echo
bf00c748 T do_test
bf00cf20 T do_exit
bf00cf74 T find_cmd
bf00d094 T do_help
bf00d320 t console_setfile
bf00d408 T serial_printf
bf00d460 T fgetc
bf00d498 T ftstc
bf00d4d0 T fputc
bf00d514 T fputs
bf00d554 T fprintf
bf00d5b4 T getc
bf00d5f0 T tstc
bf00d62c T putc
bf00d670 T puts
bf00d6ac T printf
bf00d704 T vprintf
bf00d750 T ctrlc
bf00d7d4 T disable_ctrlc
bf00d7f0 T had_ctrlc
bf00d808 T clear_ctrlc
bf00d820 T dbg
bf00d830 T console_assign
bf00d94c T console_init_f
bf00d95c T console_init_r
bf00dbb0 T device_register
bf00dbf4 T devices_init
bf00dcf0 T devices_done
bf00dd30 T malloc_bin_reloc
bf00dd70 t do_check_chunk
bf00dd78 t do_check_free_chunk
bf00dd80 t do_check_inuse_chunk
bf00dd88 t do_check_malloced_chunk
bf00dd90 T malloc_trim
bf00deb8 T free
bf00e12c T malloc
bf00e878 T realloc
bf00edec T memalign
bf00ef84 T valloc
bf00efa0 T pvalloc
bf00efc4 T calloc
bf00f0d8 T cfree
bf00f0f0 T malloc_usable_size
bf00f148 T mallopt
bf00f1e0 T env_crc_update
bf00f230 t env_get_char_init
bf00f27c T env_get_char_memory
bf00f2b0 T env_get_addr
bf00f2e0 T env_relocate
bf00f3d0 T env_get_char_spec
bf00f3e0 T env_init
bf00f460 T saveenv
bf00f5b8 T env_relocate_spec
bf00f5e0 T flash_protect
bf00f7ac T addr2info
bf00f800 T flash_write
bf00f9b0 T flash_perror
bf00faf0 t syntax_err
bf00fb0c t b_addchr
bf00fbd8 t b_reset
bf00fbf4 t b_free
bf00fc4c t b_addqchr
bf00fcec T simple_itoa
bf00fd48 t static_get
bf00fd64 t static_peek
bf00fd70 t file_get
bf010030 t file_peek
bf01003c t setup_string_in_str
bf010074 t is_assignment
bf010118 t indenter
bf010134 t free_pipe_list
bf01028c t set_local_var
bf010538 t xmalloc
bf010588 T new_pipe
bf0105d4 t xrealloc
bf010624 t done_command
bf0106e8 t initialize_context
bf01074c t done_pipe
bf0107e0 T reserved_word
bf010a1c t done_word
bf010c3c t insert_var_value
bf010ed8 T mapset
bf010f18 T update_ifs_map
bf010fcc T u_boot_hush_start
bf011080 t run_list_real
bf011b00 t parse_stream_outer
bf0122bc T parse_file_outer
bf012320 T parse_string_outer
bf012480 T NewHandle
bf01252c T DisposeHandle
bf012588 T GetHandleSize
bf012590 T SetHandleSize
bf012658 T ListCreate
bf0126c8 T ListSetAllocationPolicy
bf0126d8 T ListDispose
bf0126f0 T ListInsertItems
bf01293c T ListInsertItem
bf012954 T ListGetItems
bf0129ac T ListGetPtrToItem
bf0129ec T ListGetDataPtr
bf0129f8 T ListGetItemSize
bf012a04 T ListNumItems
bf012a10 T miiphy_init
bf012a38 T miiphy_register
bf012bdc T miiphy_set_current_dev
bf012c7c T miiphy_get_current_dev
bf012ca4 T miiphy_read
bf012d74 T miiphy_write
bf012e48 T miiphy_listdev
bf012f00 T miiphy_info
bf013058 T miiphy_reset
bf013174 T miiphy_speed
bf0132a4 T miiphy_duplex
bf0133d4 T miiphy_link
bf013470 t hex1_bin
bf0134bc t hex2_bin
bf013548 T srec_decode
bf013880 T CYGACC_COMM_IF_GETC_TIMEOUT
bf013934 T CYGACC_COMM_IF_PUTC
bf013950 T parse_num
bf013ab0 t zm_dprintf
bf013b14 t zm_flush
bf013b34 t zm_dump_buf
bf013b3c t zm_save
bf013b60 t zm_dump
bf013b84 t xyzModem_flush
bf013bc8 t xyzModem_get_hdr
bf0140a4 T xyzModem_stream_open
bf0142b0 T xyzModem_stream_read
bf014674 T xyzModem_stream_close
bf0146f0 T xyzModem_stream_terminate
bf0148d4 T xyzModem_error
bf014980 T main_loop
bf014b18 t delete_char
bf014c70 T readline
bf014ef0 T run_command
bf01543c T do_run
bf015520 T cyg_crc16
bf015580 t ar7100_spi_write_enable
bf0155f0 t ar7100_spi_poll
bf01568c T flash_init
bf01585c T flash_print_info
bf015878 T flash_erase
bf015ac0 T write_buff
bf015d70 T lowlevel_init
bf015e70 t initialize_pll
bf015f0c t wait_for_pll_lock
bf015f2c t pll_locked
bf0160e0 T ar7100_mem_config
bf016184 T initdram
bf0161c8 T checkboard
bf016228 T flash_get_geom
bf0162c0 T do_reset
bf016308 T flush_cache
bf016330 T write_one_tlb
bf016370 T enable_interrupts
bf016378 T disable_interrupts
bf016380 T simple_mips_cache_reset
bf016398 t _arai_icache_loop
bf0163b0 t _arai_dcache_loop
bf0163c8 T mips_cache_reset
bf016560 T dcache_status
bf016570 T dcache_disable
bf01658c T mips_cache_lock
bf0165e8 T dcache_flush_range
bf0165f4 t cache_loop_d_flush_range
bf016610 T mips_cache_flush
bf016624 t cache_loop_flush
bf016648 t cache_loop_d_flush
bf016664 T mips_cache_lock_24k
bf016678 t cache_loop_lock
bf0166b0 T ar7100_sys_frequency
bf016794 T serial_init
bf016864 T serial_tstc
bf016878 T serial_getc
bf0168bc T serial_putc
bf016928 T serial_setbrg
bf016930 T serial_puts
bf016980 T ar7100_ddr_tap_set
bf0169b0 T ar7100_ddr_tap_config
bf016c60 T ar7100_ddr_get_width
bf016cec T sanity_mem_check
bf016dc4 T ar7100_ddr_find_size
bf016e94 T ar7100_ddr_initial_config
bf017010 T sbrk
bf017060 t init_func_ram
bf0170f8 t display_banner
bf017138 t init_baudrate
bf0171ac T hang
bf0171dc T board_init_f
bf0173e8 T board_init_r
bf0176e0 T timer_init
bf0176f0 T reset_timer
bf0176fc T get_timer
bf017708 T set_timer
bf017710 T udelay
bf017778 T get_ticks
bf017788 T get_tbclk
bf0177a0 t linux_env_set
bf0178c8 T do_bootm_linux
bf017f20 T NetSetEther
bf017fd0 T ArpRequest
bf018144 t startAgainTimeout
bf018160 t startAgainHandler
bf018168 T NetSetTimeout
bf0181cc T NetSetHandler
bf0181e4 T NetStartAgain
bf018364 T ArpTimeoutCheck
bf01842c T NetSendPacket
bf018444 T NetCksum
bf01848c T NetSetIP
bf0185a4 T NetSendUDPPacket
bf018770 T PingSend
bf018930 t PingTimeout
bf018970 t PingHandler
bf0189cc T NetCksumOk
bf018a0c T NetEthHdrSize
bf018a44 T copy_filename
bf018ac0 T ip_to_string
bf018b20 T print_IPaddr
bf018b64 T NetReceive
bf0190d8 T string_to_ip
bf01917c T getenv_IPaddr
bf0191b8 T VLAN_to_string
bf01921c T string_to_VLAN
bf019280 T getenv_VLAN
bf0192c4 T NetLoop
bf019970 t TftpSend
bf019b84 t TftpHandler
bf019ed4 t TftpTimeout
bf019f6c T TftpStart
bf01a260 t truncate_sz
bf01a2c4 t BootpHandler
bf01a7ac T BootpRequest
bf01aa80 t BootpTimeout
bf01ab10 t RarpHandler
bf01abc0 T RarpRequest
bf01ad08 t RarpTimeout
bf01ad90 T eth_get_dev
bf01ada8 T eth_get_dev_by_name
bf01ae2c T eth_get_dev_index
bf01ae88 T eth_register
bf01af84 T eth_initialize
bf01b314 T eth_set_enetaddr
bf01b46c T eth_try_another
bf01b548 T eth_init
bf01b604 T eth_halt
bf01b65c T eth_send
bf01b694 T eth_rx
bf01b6c8 T eth_set_current
bf01b790 T eth_get_name
bf01b7c0 t basename
bf01b838 t dirname
bf01b880 t rpc_add_credentials
bf01b99c t rpc_req
bf01bac8 t rpc_lookup_req
bf01bb34 t NfsSend
bf01be90 t rpc_lookup_reply
bf01bf40 t NfsTimeout
bf01bf84 t NfsHandler
bf01c55c T NfsStart
bf01c8b0 T GregorianDay
bf01ca28 T to_tm
bf01cb9c T mktime
bf01cc80 T pci_hose_read_config_byte
bf01cc8c T pci_hose_read_config_word
bf01cc98 T pci_hose_read_config_dword
bf01cca4 T pci_hose_write_config_byte
bf01ccb0 T pci_hose_write_config_word
bf01ccbc T pci_hose_write_config_dword
bf01ccc8 T pci_hose_read_config_byte_via_dword
bf01cd3c T pci_hose_read_config_word_via_dword
bf01cdb0 T pci_hose_write_config_byte_via_dword
bf01ce7c T pci_hose_write_config_word_via_dword
bf01cf48 T pci_register_hose
bf01cf80 T pci_bus_to_hose
bf01cff0 T pci_write_config_dword
bf01d080 T pci_write_config_word
bf01d110 T pci_write_config_byte
bf01d1a0 T pci_read_config_dword
bf01d234 T pci_read_config_word
bf01d2cc T pci_read_config_byte
bf01d364 T pci_find_devices
bf01d4d4 T pci_find_device
bf01d500 T pci_hose_phys_to_bus
bf01d5c0 T pci_hose_bus_to_phys
bf01d688 T pci_hose_config_device
bf01d8d8 T pci_find_config
bf01d9a0 T pci_cfgfunc_config_device
bf01d9e4 T pci_cfgfunc_do_nothing
bf01d9ec T pci_hose_scan_bus
bf01dbd8 T pci_hose_scan
bf01dbf0 T pci_init
bf01dc10 T crc32
bf01dda0 T display_options
bf01dde0 T print_size
bf01def0 T strnicmp
bf01df74 T strcat
bf01dfac T strncat
bf01dff8 T strchr
bf01e034 T strlen
bf01e058 T strrchr
bf01e0d0 T strnlen
bf01e10c T strdup
bf01e184 T strspn
bf01e1e4 T strpbrk
bf01e234 T strtok
bf01e2f4 T strsep
bf01e360 T strswab
bf01e3bc T memset
bf01e3e8 T memcpy
bf01e418 T memmove
bf01e494 T memcmp
bf01e4c4 T strstr
bf01e584 T memchr
bf01e5c0 T simple_strtoul
bf01e6a8 T simple_strtol
bf01e6f8 t skip_atoi
bf01e758 t number
bf01e9b0 T vsprintf
bf01ef00 T sprintf
bf01ef3c T panic
bf01efc0 t inflate_codes_free
bf01efd8 t inflate_trees_free
bf01f03c t inflate_blocks_reset
bf01f16c T inflateEnd
bf01f238 T inflateReset
bf01f2ac T inflateSync
bf01f3ec T inflateInit2
bf01f594 T inflateInit
bf01f5ac t inflate_codes_new
bf01f628 T inflateIncomp
bf01f7b4 t inflate_flush
bf01f970 t huft_build
bf01fed8 t falloc
bf01ff08 t ffree
bf01ff10 T inflate
bf021cfc T adler32
bf021ec0 t MyReadFileAndCheck
bf021f34 T lzma_inflate
bf0221e0 T LzmaDecodeProperties
bf0222b4 T LzmaDecode
bf022f10 t dummy
bf022f18 T get_version
bf022f20 T jumptable_init
bf022fc0 t ar7100_local_read_config
bf023014 t ar7100_config_addr
bf02306c t ar7100_local_write_config
bf023118 t ar7100_check_error
bf023284 t ar7100_pci_write_config
bf023318 T plat_dev_init
bf023498 t ar7100_pci_read_config
bf023540 T pci_init_board
bf023740 T pkt_push
bf0237d0 T ag7100_unit2mac
bf0237f4 t ag7100_send
bf023964 t ag7100_recv
bf023aa8 t ag7100_clean_rx
bf023ed4 t ag7100_alloc_fifo
bf023f94 t ag7100_halt
bf023fe4 T ag7100_mac_addr_loc
bf023fec T ag7100_enet_initialize
bf024750 T ag7100_miiphy_read
bf0248d8 T ag7100_miiphy_write
bf0249f0 T phy_reg_read
bf024b60 T phy_reg_write
bf024c50 T ag7100_ahb_feq_adjust
bf024cec T ag7100_ahb_feq_restore
bf024d2c t athrs26_reg_write
bf024de8 T athrs26_reg_init
bf024f0c T athrs26_phy_off
bf024f80 T athrs26_phy_on
bf024fc4 T athrs26_mac_speed_set
bf0250bc T athrs26_phy_is_link_alive
bf025118 T athrs26_phy_setup
bf025348 T athrs26_phy_is_fdx
bf025458 T athrs26_phy_speed
bf02558c T athrs26_phy_is_up
bf0257d0 r baudrate_table
bf025830 r crc16_tab
bf025a30 R version_string
bf025b30 r crc_table
bf025fc0 r __func__.0
bf02bd30 D load_addr
bf02bd40 d do_echo
bf02bd50 D dp_last_length
bf02bd60 D ShortPCIListing
bf02bd70 d mmap_threshold
bf02bd74 d trim_threshold
bf02bd78 d sbrk_base
bf02bd80 D default_environment
bf02bff0 D env_ptr
bf02bff4 d flash_addr
bf02c000 d blanks.2
bf02c030 d zm_out
bf02c034 d zm_out_start
bf02c040 d tab_seq
bf02c04c d erase_seq
bf02c050 D tap_pattern
bf02c058 D tap_settings
bf02c070 D NetOurNativeVLAN
bf02c072 D NetOurVLAN
bf02c074 D NetBcastAddr
bf02c080 d nfs_offset
bf02c090 d month_days
bf02c0c0 D _ctype
bf02c1c0 d inflate_mask
bf02c204 d border
bf02c250 d cpdext
bf02c2c8 d cpdist
bf02c340 d cplext
bf02c3bc d cplens
bf02c438 d fixed_left
bf02c440 d bytemask
bf02c460 d athrPhyInfo
bf02c4f0 D op_table
bf02c558 D reg_5_desc_tbl
bf02c5e8 D reg_4_desc_tbl
bf02c678 D reg_3_desc_tbl
bf02c69c D reg_2_desc_tbl
bf02c6a8 D reg_1_desc_tbl
bf02c768 D reg_0_desc_tbl
bf02c7e0 D reg_0_5_desc_tbl
bf02c810 D stdio_names
bf02c81c d av_
bf02cc24 D env_get_char
bf02cc28 D env_name_spec
bf02cc2c d reserved_list
bf02ccb0 d failed
bf02ccb4 D z_errmsg
bf02ccd4 D zlib_version
bf02ccd8 d kCantAllocateMessage
bf02ccdc d kCantReadMessage
bf02cce0 D desc_and_len_tbl
bf02cd10 D init_sequence
bf02cd34 A __got_start
bf02cd40 A _gp
bf02cd40 D _GLOBAL_OFFSET_TABLE_
bf02d36c A __got_end
bf02d36c A __u_boot_cmd_start
bf02d36c D __u_boot_cmd_autoscr
bf02d384 D __u_boot_cmd_bdinfo
bf02d39c D __u_boot_cmd_reset
bf02d3b4 D __u_boot_cmd_go
bf02d3cc D __u_boot_cmd_imls
bf02d3e4 D __u_boot_cmd_iminfo
bf02d3fc D __u_boot_cmd_bootd
bf02d414 D __u_boot_cmd_boot
bf02d42c D __u_boot_cmd_bootm
bf02d444 D __u_boot_cmd_coninfo
bf02d45c D __u_boot_cmd_bootvx
bf02d474 D __u_boot_cmd_bootelf
bf02d48c D __u_boot_cmd_protect
bf02d4a4 D __u_boot_cmd_erase
bf02d4bc D __u_boot_cmd_flinfo
bf02d4d4 D __u_boot_cmd_itest
bf02d4ec D __u_boot_cmd_loady
bf02d504 D __u_boot_cmd_loadb
bf02d51c D __u_boot_cmd_loads
bf02d534 D __u_boot_cmd_mtest
bf02d54c D __u_boot_cmd_loop
bf02d564 D __u_boot_cmd_base
bf02d57c D __u_boot_cmd_crc32
bf02d594 D __u_boot_cmd_cmp
bf02d5ac D __u_boot_cmd_cp
bf02d5c4 D __u_boot_cmd_mw
bf02d5dc D __u_boot_cmd_nm
bf02d5f4 D __u_boot_cmd_mm
bf02d60c D __u_boot_cmd_md
bf02d624 D __u_boot_cmd_progmac
bf02d63c D __u_boot_cmd_mii
bf02d654 D __u_boot_cmd_sleep
bf02d66c D __u_boot_cmd_ping
bf02d684 D __u_boot_cmd_nfs
bf02d69c D __u_boot_cmd_rarpboot
bf02d6b4 D __u_boot_cmd_tftpboot
bf02d6cc D __u_boot_cmd_bootp
bf02d6e4 D __u_boot_cmd_run
bf02d6fc D __u_boot_cmd_saveenv
bf02d714 D __u_boot_cmd_setenv
bf02d72c D __u_boot_cmd_printenv
bf02d744 D __u_boot_cmd_pci
bf02d75c D __u_boot_cmd_question_mark
bf02d774 D __u_boot_cmd_help
bf02d78c D __u_boot_cmd_exit
bf02d7a4 D __u_boot_cmd_test
bf02d7bc D __u_boot_cmd_echo
bf02d7d4 D __u_boot_cmd_version
bf02d7ec A __u_boot_cmd_end
bf02d7ec A uboot_end_data
bf02d7f0 b a_b
bf02d808 b os_data_state
bf02d80c b os_data_state_saved
bf02d810 b os_data_count_saved
bf02d814 b os_data_addr
bf02d818 b os_data_addr_saved
bf02d81c b bin_start_address
bf02d820 b k_data_escape
bf02d824 b k_data_escape_saved
bf02d830 b base_address
bf02d840 b ctrlc_was_pressed
bf02d844 b ctrlc_disabled
bf02d850 B stdio_devices
bf02d85c B devlist
bf02d860 b n_mmaps_max
bf02d864 b top_pad
bf02d868 b current_mallinfo
bf02d890 b max_total_mem
bf02d894 b mmapped_mem
bf02d898 b max_sbrked_mem
bf02d8a0 b top_vars
bf02d8a4 b do_repeat
bf02d8a8 b flag_repeat
bf02d8ac b local.3
bf02d8c4 b the_command.0
bf02d9c4 b buf.1
bf02d9ec b ifs
bf02d9f0 b map
bf02daf0 b mii_devs
bf02daf8 b current_mii
bf02db00 b xyz
bf02df3c b zm_buf
bf02e73c b zm_bp
bf02e740 b mem_malloc_start
bf02e744 b mem_malloc_end
bf02e748 b mem_malloc_brk
bf02e750 b linux_argc
bf02e754 b linux_argv
bf02e758 b linux_env
bf02e75c b linux_env_p
bf02e760 b linux_env_idx
bf02e770 B NetTxPacket
bf02e774 B NetRestartWrap
bf02e778 B NetEtherNullAddr
bf02e780 B NetServerEther
bf02e786 B NetBootFileSize
bf02e788 B NetOurRootPath
bf02e7c8 B NetOurHostName
bf02e7e8 B NetOurNISDomain
bf02e808 B NetOurDNSIP
bf02e80c B NetOurGatewayIP
bf02e810 B NetOurSubnetMask
bf02e814 b NetDevExists
bf02e818 b NetRestarted
bf02e81c b mac.0
bf02e824 b packetHandler
bf02e828 b timeHandler
bf02e82c b timeStart
bf02e830 b timeDelta
bf02e834 b PingSeqNo
bf02e840 b TftpServerPort
bf02e844 b TftpOurPort
bf02e848 b TftpTimeoutCount
bf02e84c b TftpBlock
bf02e850 b TftpLastBlock
bf02e854 b TftpBlockWrap
bf02e858 b TftpBlockWrapOffset
bf02e85c b TftpState
bf02e860 b default_filename
bf02e870 b tftp_filename
bf02e880 b first_failed.0
bf02e884 b eth_devices
bf02e888 b eth_current
bf02e890 b rpc_id
bf02e894 b fs_mounted
bf02e898 b nfs_len
bf02e89c b dirfh
bf02e8bc b filefh
bf02e8dc b NfsDownloadState
bf02e8e0 b NfsServerIP
bf02e8e4 b NfsSrvMountPort
bf02e8e8 b NfsSrvNfsPort
bf02e8ec b NfsOurPort
bf02e8f0 b NfsTimeoutCount
bf02e8f4 b NfsState
bf02e8f8 b default_filename
bf02e938 b nfs_filename
bf02e93c b nfs_path
bf02e940 b nfs_path_buff
bf02f140 b hose_head
bf02f144 b ids.0
bf02f160 b fixed_built
bf02f164 b fixed_lock
bf02f168 b fixed_mem
bf0301f8 b fixed_bl
bf0301fc b fixed_bd
bf030200 b fixed_tl
bf030204 b fixed_td
bf030210 b rpos
bf030220 b hose
bf030300 b phy_val_saved
bf030304 b athr26_init_flag
bf030308 b old_ahb_div
bf030310 B header
bf030350 B os_data_header
bf030370 B send_parms
bf030384 B console_buffer
bf030484 B flash_info
bf030710 B NetRxPackets
bf030750 B BootFile
bf0307d0 B NetArpWaitPacketBuf
bf030df0 B PktBuf
bf037410 A uboot_end
bf037410 C his_pad_char
bf037414 C os_data_count
bf037418 C os_data_init
bf03741c C send_ptr
bf037420 C os_data_char
bf037424 C his_eol
bf037425 C his_quote
bf037428 C his_pad_count
bf03742c C dp_last_size
bf037430 C dp_last_addr
bf037434 C mm_last_size
bf037438 C mm_last_addr
bf03743c C last_reg_hi
bf037440 C last_data
bf037444 C last_addr_hi
bf037448 C last_reg_lo
bf03744c C last_op
bf037450 C last_addr_lo
bf037454 C nesting_level
bf037458 C last_return_code
bf03745c C monitor_flash_len
bf037460 C NetArpWaitTry
bf037464 C NetArpWaitPacketMAC
bf037468 C NetOurEther
bf037470 C NetOurIP
bf037474 C NetPingIP
bf037478 C NetServerIP
bf03747c C NetArpWaitTxPacketSize
bf037480 C NetArpWaitReplyIP
bf037484 C NetArpWaitTxPacket
bf037488 C NetArpWaitPacketIP
bf03748c C NetState
bf037490 C NetIPID
bf037494 C NetRxPkt
bf037498 C NetRxPktLen
bf03749c C NetBootFileXferSize
bf0374a0 C NetArpWaitTimerStart
bf0374a4 C BootpTry
bf0374a8 C BootpID
bf0374ac C RarpTry
bf0374b0 C ___strtok
bf0374b4 C ag7100_macs
